// Jest Snapshot v1, https://goo.gl/fbAQLP

exports[`<Main /> should render the heading 1`] = `
<main
  class="styles__Wrapper-sc-19t6oi2-0 jGDgiH"
>
  <img
    alt="Imagem de um átomo e React Avançado escrito ao lado."
    class="styles__Logo-sc-19t6oi2-1 iLQFsA"
    src="/logo.svg"
  />
  <h1
    class="styles__Title-sc-19t6oi2-2 jZggKx"
  >
    NextJS Boilerplate
  </h1>
  <h2
    class="styles__Description-sc-19t6oi2-3 dygwdp"
  >
    TypeScript, ReactJS, NextJS e Styled Components
  </h2>
  <img
    alt="Um desenvolvedor de frente para uma tela com código."
    class="styles__Illustration-sc-19t6oi2-4 bBVBdo"
    src="/img/hero.svg"
  />
</main>
`
